apiVersion: v1
kind: ServiceAccount
metadata:
  name: control-api-controller
  namespace: appuio-control-api
