apiVersion: admissionregistration.k8s.io/v1
kind: ValidatingWebhookConfiguration
metadata:
  creationTimestamp: null
  name: appuio-control-api-validating-webhook
webhooks:
  - admissionReviewVersions:
      - v1
    clientConfig:
      service:
        name: webhook-service
        namespace: appuio-control-api
        path: /validate-appuio-io-v1-user
    failurePolicy: Fail
    name: validate-users.appuio.io
    rules:
      - apiGroups:
          - appuio.io
        apiVersions:
          - v1
        operations:
          - CREATE
          - UPDATE
        resources:
          - users
    sideEffects: None
