apiVersion: v1
kind: Service
metadata:
  name: webhook-service
  namespace: appuio-control-api
spec:
  ports:
    - port: 443
      protocol: TCP
      targetPort: 9443
  selector:
    app: control-api-controller
