apiVersion: rbac.authorization.k8s.io/v1
kind: ClusterRoleBinding
metadata:
  labels:
    app.kubernetes.io/managed-by: commodore
  name: control-api-apiserver
roleRef:
  apiGroup: rbac.authorization.k8s.io
  kind: ClusterRole
  name: control-api-apiserver
subjects:
- kind: ServiceAccount
  name: control-api-apiserver
  namespace: appuio-control-api
