apiVersion: v1
kind: ServiceAccount
metadata:
  labels:
    app.kubernetes.io/managed-by: commodore
  name: control-api-controller
  namespace: appuio-control-api
