apiVersion: rbac.authorization.k8s.io/v1
kind: ClusterRole
metadata:
  creationTimestamp: null
  name: example-zone-2-cloud-agent
rules:
- apiGroups:
  - appuio.io
  resources:
  - usageprofiles
  - users
  - teams
  - organizationmembers
  - zones
  verbs:
  - get
  - list
  - watch
- apiGroups:
  - appuio.io
  resources:
  - teams
  - teams/finalizers
  - organizationmembers
  - organizationmembers/finalizers
  - zones
  verbs:
  - update
  - patch
