apiVersion: rbac.authorization.k8s.io/v1
kind: ClusterRoleBinding
metadata:
  name: extra-zone-cloud-agent
roleRef:
  apiGroup: rbac.authorization.k8s.io
  kind: ClusterRole
  name: extra-zone-cloud-agent
subjects:
- kind: ServiceAccount
  name: extra-zone-cloud-agent
  namespace: default
