apiVersion: rbac.authorization.k8s.io/v1
kind: ClusterRole
metadata:
  creationTimestamp: null
  name: extra-zone-cloud-agent
rules:
- apiGroups:
  - appuio.io
  resources:
  - usageprofiles
  verbs:
  - get
  - list
  - watch
