apiVersion: v1
kind: Secret
metadata:
  annotations:
    kubernetes.io/service-account.name: example-zone-2-cloud-agent
  name: example-zone-2-cloud-agent
  namespace: default
type: kubernetes.io/service-account-token
