apiVersion: v1
kind: Secret
metadata:
  annotations:
    kubernetes.io/service-account.name: extra-zone-cloud-agent
  name: extra-zone-cloud-agent
  namespace: default
type: kubernetes.io/service-account-token
