apiVersion: v1
kind: ServiceAccount
metadata:
  name: extra-zone-cloud-agent
  namespace: default
