apiVersion: v1
kind: Namespace
metadata:
  annotations: {}
  labels:
    name: appuio-control-api
  name: appuio-control-api
