apiVersion: rbac.authorization.k8s.io/v1
kind: ClusterRole
metadata:
  annotations: {}
  labels:
    app.kubernetes.io/component: control-api
    app.kubernetes.io/managed-by: commodore
    app.kubernetes.io/name: control-api
    name: cluster-admin-impersonator
  name: cluster-admin-impersonator
rules:
  - apiGroups:
      - ''
    resourceNames:
      - cluster-admin
    resources:
      - users
    verbs:
      - impersonate
---
apiVersion: rbac.authorization.k8s.io/v1
kind: ClusterRoleBinding
metadata:
  annotations: {}
  labels:
    app.kubernetes.io/component: control-api
    app.kubernetes.io/managed-by: commodore
    app.kubernetes.io/name: control-api
    name: cluster-admin-impersonator
  name: cluster-admin-impersonator
roleRef:
  apiGroup: rbac.authorization.k8s.io
  kind: ClusterRole
  name: cluster-admin-impersonator
subjects:
  - apiGroup: rbac.authorization.k8s.io
    kind: Group
    name: admin
---
apiVersion: rbac.authorization.k8s.io/v1
kind: ClusterRoleBinding
metadata:
  annotations: {}
  labels:
    app.kubernetes.io/component: control-api
    app.kubernetes.io/managed-by: commodore
    app.kubernetes.io/name: control-api
    name: user-cluster-admin
  name: user-cluster-admin
roleRef:
  apiGroup: rbac.authorization.k8s.io
  kind: ClusterRole
  name: cluster-admin
subjects:
  - apiGroup: rbac.authorization.k8s.io
    kind: User
    name: cluster-admin
