apiVersion: apiregistration.k8s.io/v1
kind: APIService
metadata:
  labels:
    app.kubernetes.io/managed-by: commodore
  name: v1.user.appuio.io
spec:
  caBundle: null
  group: user.appuio.io
  groupPriorityMinimum: 1000
  insecureSkipTLSVerify: true
  service:
    name: control-api-apiserver
    namespace: appuio-control-api
  version: v1
  versionPriority: 15
