apiVersion: v1
kind: Service
metadata:
  labels:
    app: control-api-controller
    app.kubernetes.io/managed-by: commodore
    name: control-api-controller-metrics
  name: control-api-controller-metrics
  namespace: appuio-control-api
spec:
  ports:
  - name: metrics
    port: 8080
    protocol: TCP
    targetPort: 8080
  selector:
    app: control-api-controller
  type: ClusterIP
