apiVersion: rbac.authorization.k8s.io/v1
kind: RoleBinding
metadata:
  annotations: {}
  labels:
    name: control-api-controller
  name: control-api-controller
  namespace: appuio-control-api
roleRef:
  apiGroup: rbac.authorization.k8s.io
  kind: Role
  name: control-api-controller-leader-election-role
subjects:
  - kind: ServiceAccount
    name: control-api-controller
    namespace: appuio-control-api
