apiVersion: admissionregistration.k8s.io/v1
kind: ValidatingWebhookConfiguration
metadata:
  creationTimestamp: null
  name: appuio-control-api-validating-webhook
webhooks:
  - admissionReviewVersions:
      - v1
    clientConfig:
      caBundle: LS0tLS1CRUdJTiBDRVJUSUZJQ0FURS0tLS0tCk1JSUZlRENDQTJDZ0F3SUJBZ0lVSCt4V3hxTWNBWXAydDlqbVJaOFNsWjNta05zd0RRWUpLb1pJaHZjTkFRRUwKQlFBd01URXZNQzBHQTFVRUF3d21kMlZpYUc5dmF5MXpaWEoyYVdObExtRndjSFZwYnkxamIyNTBjbTlzTFdGdwphUzV6ZG1Nd0hoY05Nakl3TXpJNU1Ea3lOVE0xV2hjTk16SXdNekkyTURreU5UTTFXakF4TVM4d0xRWURWUVFECkRDWjNaV0pvYjI5ckxYTmxjblpwWTJVdVlYQndkV2x2TFdOdmJuUnliMnd0WVhCcExuTjJZekNDQWlJd0RRWUoKS29aSWh2Y05BUUVCQlFBRGdnSVBBRENDQWdvQ2dnSUJBTnVMWGpoQzFZeU80QWpLUmRyS2E0YVlJcjkzd3RRVQpGaEdhdlpVNStOc0Q0RGFldUJ0QXlsblEyaTJ5Nmx0VWxYOExXVHdES0dZYTJ6TGlXT05YZFpNWFhhZCtoWXo2CmZWVEo2ODFHSDQva28yZE1jVTdJQUlSS0RROGNMOHJiM0dVWHNPR1JMUU0xRTRmTkNiR2k2b1VSeXhjQUdScVEKWW0xOFBmR2ZxalhDMEhVVmprV0FQUXVjOWxHektqRlRSNThwVkVvNXBvNGdTaHJHN1FPZFpvc1Z4VnJJOHFIWQpaVGdLZVpzZW9EV280SWVIcGtlOXVaZzIwSy9tUFlTV3lBNFExQzFiaFh5dmJBb25oejBlRTBqelJveU5sUmZnCjBnSkZEbzhIY2FQTGdTM3hHTnhJUXRIWEY0Z1p2OFZoVmpNNENBTEVwNE00ajNiTkoyTU4rdEJvRXZ5N2VhYTUKSERuRlJic2tUcmdhU082R1ZkSDJRTmVZUXcxd3hmMVd6QkwvR2Z0QVJuOG1hUnl6SmU0L3BpS3lreDYrVTUxUwpvend2RXh2YzdVT251QUxGS2h6Wk1aeWlTUkRSK3J5aE1za3ZrNHpQemxZcTI0NnNzQ1NuZmRvczJDaE1pdmhxCi9IZnM1N1I2VWpDM0gyYUx5cGR5eDNhaWZBSndaaUR3WjBMaWpjb1dmWGZIc2prK0Y5YTErdnRHQXhGZnQ1QW8KZERzd2NldDRnbnpSMmxEcEloYTBmNlE3MDY1c0VnV1FBL1h6MGdoaUdnOTRVc0JKVGs4VTZxR3JzbmdhZnhIaApybUNGWk9PZXhuMnY2RnBrWWFORkhTdko4ZmNrV1lSN01sVFppM2lodjJPZFpVUzhNdG5acWd6ckRmaldaL29oCnlyNlY3SGoxcjF0dEFnTUJBQUdqZ1ljd2dZUXdIUVlEVlIwT0JCWUVGQ2ZEQ0R3eFlzM1hlZVc0NWpFVStCNksKSDNNME1COEdBMVVkSXdRWU1CYUFGQ2ZEQ0R3eFlzM1hlZVc0NWpFVStCNktIM00wTUE4R0ExVWRFd0VCL3dRRgpNQU1CQWY4d01RWURWUjBSQkNvd0tJSW1kMlZpYUc5dmF5MXpaWEoyYVdObExtRndjSFZwYnkxamIyNTBjbTlzCkxXRndhUzV6ZG1Nd0RRWUpLb1pJaHZjTkFRRUxCUUFEZ2dJQkFJZVo5bEpoUHlBN0ZJOThaOGJMUDNrQy9hNm4KcGJ6dDlleGt6YytFUmlObVV5OW4zUTF5a0lEcE1NbERtdHpjaTNFZWp1SEw4MmkvQTRKdHVqK0IvaVJnSWtHWQpMM1BoOEJzSk5TWmhzdkV2aHFKVTAyL05yMDRTWWlmeTRkcWU0U2paTG52ZDQ1d2RITmFDbWxvUmNLdHowUVROCkUwdG5iSklTdnBUbFI4cGF0ZnRFTjRydTFhbWQrR01VUHVub3lrRVJaVGZ0SHcwU08vbFZPbFZBVERqTHBOSlAKMElXYkJyWkpUTFNGN3Voa0dmcFIyYUl1a3FVaTBRdkRSUUo0RDc3VmEzRHF3ZXRtV1NFQUJsZzFyZnh1dlAwawoza2JEMS9KWDFJM0EyNlNxczlYNWxTcVhUcTFzVEt6ZCsyZ3RFdWxJSjV6MEV0Mnkwck9XblB2WHhKNExkNEMvCnpBY3JvOWFNMTF5cVAvQmptZEwrbDNyWVJqOE4zOHMzOUV6aEFZM012WW5TeTFQMlJtTC9wNEJzck9Fdk41TXEKL0U5ektFWHNUUVh2aVpjNTZKK2lDck1BdVJmUUhYRElrd3RJRDJvUnVQMHQ0eHRhdFFvcmY0SlYvUFJNQXcwaQpadnJHTXpYNjFyMGVxbjF0M2JFSjQ5UCtZdnphd0VySC9sM3pkSVRNYzEzc09XWlExTmF5ZWt4ZVZJT2E2aHlkClNGT2JNZExWSkNVV2NkejUyRUFrNGpscU4wdk44aU1TRm5COG1CVDRYKzhyZWF1b3BmV0FuRkg4VldmTjh0eU4KbTJqNkw3TGIydXdCQ3EyTmFPWTlITlNpNTJOL0o2RG5RWmVnb2dReENVaVQ3WUpyNFh0a2Fidjk5YzZtbjIzMAphbCtMOSsxVmNkZmFac1BJCi0tLS0tRU5EIENFUlRJRklDQVRFLS0tLS0=
      service:
        name: webhook-service
        namespace: appuio-control-api
        path: /validate-user-appuio-io-v1-invitation
    failurePolicy: Fail
    name: validate-invitations.user.appuio.io
    rules:
      - apiGroups:
          - user.appuio.io
        apiVersions:
          - v1
        operations:
          - CREATE
          - UPDATE
        resources:
          - invitations
    sideEffects: None
  - admissionReviewVersions:
      - v1
    clientConfig:
      caBundle: LS0tLS1CRUdJTiBDRVJUSUZJQ0FURS0tLS0tCk1JSUZlRENDQTJDZ0F3SUJBZ0lVSCt4V3hxTWNBWXAydDlqbVJaOFNsWjNta05zd0RRWUpLb1pJaHZjTkFRRUwKQlFBd01URXZNQzBHQTFVRUF3d21kMlZpYUc5dmF5MXpaWEoyYVdObExtRndjSFZwYnkxamIyNTBjbTlzTFdGdwphUzV6ZG1Nd0hoY05Nakl3TXpJNU1Ea3lOVE0xV2hjTk16SXdNekkyTURreU5UTTFXakF4TVM4d0xRWURWUVFECkRDWjNaV0pvYjI5ckxYTmxjblpwWTJVdVlYQndkV2x2TFdOdmJuUnliMnd0WVhCcExuTjJZekNDQWlJd0RRWUoKS29aSWh2Y05BUUVCQlFBRGdnSVBBRENDQWdvQ2dnSUJBTnVMWGpoQzFZeU80QWpLUmRyS2E0YVlJcjkzd3RRVQpGaEdhdlpVNStOc0Q0RGFldUJ0QXlsblEyaTJ5Nmx0VWxYOExXVHdES0dZYTJ6TGlXT05YZFpNWFhhZCtoWXo2CmZWVEo2ODFHSDQva28yZE1jVTdJQUlSS0RROGNMOHJiM0dVWHNPR1JMUU0xRTRmTkNiR2k2b1VSeXhjQUdScVEKWW0xOFBmR2ZxalhDMEhVVmprV0FQUXVjOWxHektqRlRSNThwVkVvNXBvNGdTaHJHN1FPZFpvc1Z4VnJJOHFIWQpaVGdLZVpzZW9EV280SWVIcGtlOXVaZzIwSy9tUFlTV3lBNFExQzFiaFh5dmJBb25oejBlRTBqelJveU5sUmZnCjBnSkZEbzhIY2FQTGdTM3hHTnhJUXRIWEY0Z1p2OFZoVmpNNENBTEVwNE00ajNiTkoyTU4rdEJvRXZ5N2VhYTUKSERuRlJic2tUcmdhU082R1ZkSDJRTmVZUXcxd3hmMVd6QkwvR2Z0QVJuOG1hUnl6SmU0L3BpS3lreDYrVTUxUwpvend2RXh2YzdVT251QUxGS2h6Wk1aeWlTUkRSK3J5aE1za3ZrNHpQemxZcTI0NnNzQ1NuZmRvczJDaE1pdmhxCi9IZnM1N1I2VWpDM0gyYUx5cGR5eDNhaWZBSndaaUR3WjBMaWpjb1dmWGZIc2prK0Y5YTErdnRHQXhGZnQ1QW8KZERzd2NldDRnbnpSMmxEcEloYTBmNlE3MDY1c0VnV1FBL1h6MGdoaUdnOTRVc0JKVGs4VTZxR3JzbmdhZnhIaApybUNGWk9PZXhuMnY2RnBrWWFORkhTdko4ZmNrV1lSN01sVFppM2lodjJPZFpVUzhNdG5acWd6ckRmaldaL29oCnlyNlY3SGoxcjF0dEFnTUJBQUdqZ1ljd2dZUXdIUVlEVlIwT0JCWUVGQ2ZEQ0R3eFlzM1hlZVc0NWpFVStCNksKSDNNME1COEdBMVVkSXdRWU1CYUFGQ2ZEQ0R3eFlzM1hlZVc0NWpFVStCNktIM00wTUE4R0ExVWRFd0VCL3dRRgpNQU1CQWY4d01RWURWUjBSQkNvd0tJSW1kMlZpYUc5dmF5MXpaWEoyYVdObExtRndjSFZwYnkxamIyNTBjbTlzCkxXRndhUzV6ZG1Nd0RRWUpLb1pJaHZjTkFRRUxCUUFEZ2dJQkFJZVo5bEpoUHlBN0ZJOThaOGJMUDNrQy9hNm4KcGJ6dDlleGt6YytFUmlObVV5OW4zUTF5a0lEcE1NbERtdHpjaTNFZWp1SEw4MmkvQTRKdHVqK0IvaVJnSWtHWQpMM1BoOEJzSk5TWmhzdkV2aHFKVTAyL05yMDRTWWlmeTRkcWU0U2paTG52ZDQ1d2RITmFDbWxvUmNLdHowUVROCkUwdG5iSklTdnBUbFI4cGF0ZnRFTjRydTFhbWQrR01VUHVub3lrRVJaVGZ0SHcwU08vbFZPbFZBVERqTHBOSlAKMElXYkJyWkpUTFNGN3Voa0dmcFIyYUl1a3FVaTBRdkRSUUo0RDc3VmEzRHF3ZXRtV1NFQUJsZzFyZnh1dlAwawoza2JEMS9KWDFJM0EyNlNxczlYNWxTcVhUcTFzVEt6ZCsyZ3RFdWxJSjV6MEV0Mnkwck9XblB2WHhKNExkNEMvCnpBY3JvOWFNMTF5cVAvQmptZEwrbDNyWVJqOE4zOHMzOUV6aEFZM012WW5TeTFQMlJtTC9wNEJzck9Fdk41TXEKL0U5ektFWHNUUVh2aVpjNTZKK2lDck1BdVJmUUhYRElrd3RJRDJvUnVQMHQ0eHRhdFFvcmY0SlYvUFJNQXcwaQpadnJHTXpYNjFyMGVxbjF0M2JFSjQ5UCtZdnphd0VySC9sM3pkSVRNYzEzc09XWlExTmF5ZWt4ZVZJT2E2aHlkClNGT2JNZExWSkNVV2NkejUyRUFrNGpscU4wdk44aU1TRm5COG1CVDRYKzhyZWF1b3BmV0FuRkg4VldmTjh0eU4KbTJqNkw3TGIydXdCQ3EyTmFPWTlITlNpNTJOL0o2RG5RWmVnb2dReENVaVQ3WUpyNFh0a2Fidjk5YzZtbjIzMAphbCtMOSsxVmNkZmFac1BJCi0tLS0tRU5EIENFUlRJRklDQVRFLS0tLS0=
      service:
        name: webhook-service
        namespace: appuio-control-api
        path: /validate-appuio-io-v1-user
    failurePolicy: Fail
    name: validate-users.appuio.io
    rules:
      - apiGroups:
          - appuio.io
        apiVersions:
          - v1
        operations:
          - CREATE
          - UPDATE
        resources:
          - users
    sideEffects: None
