apiVersion: rbac.authorization.k8s.io/v1
kind: ClusterRoleBinding
metadata:
  annotations: {}
  labels:
    name: control-api
  name: control-api
roleRef:
  apiGroup: rbac.authorization.k8s.io
  kind: ClusterRole
  name: control-api
subjects:
  - kind: ServiceAccount
    name: control-api
    namespace: appuio-control-api
