apiVersion: v1
data:
  billing_entity_odoo8_country_list.yaml: |-
    - "code": "AT"
      "id": 13
      "name": "Austria"
    - "code": "FR"
      "id": 76
      "name": "France"
    - "code": "DE"
      "id": 58
      "name": "Germany"
    - "code": "IT"
      "id": 110
      "name": "Italy"
    - "code": "LI"
      "id": 129
      "name": "Liechtenstein"
    - "code": "CH"
      "id": 44
      "name": "Switzerland"
    - "code": "GB"
      "id": 233
      "name": "United Kingdom"
kind: ConfigMap
metadata:
  annotations: {}
  labels:
    name: billing-entity-odoo8-country-list
  name: billing-entity-odoo8-country-list
  namespace: appuio-control-api
