apiVersion: rbac.authorization.k8s.io/v1
kind: ClusterRoleBinding
metadata:
  annotations: {}
  labels:
    name: control-api-apiserver
  name: control-api-apiserver
roleRef:
  apiGroup: rbac.authorization.k8s.io
  kind: ClusterRole
  name: control-api-apiserver
subjects:
  - kind: ServiceAccount
    name: control-api
    namespace: appuio-control-api
