apiVersion: apiregistration.k8s.io/v1
kind: APIService
metadata:
  name: v1.organization.appuio.io
spec:
  group: organization.appuio.io
  groupPriorityMinimum: 1000
  insecureSkipTLSVerify: true
  service:
    name: control-api-apiserver
    namespace: appuio-control-api
  version: v1
  versionPriority: 15
