apiVersion: v1
kind: ServiceAccount
metadata:
  name: control-api-apiserver
  namespace: appuio-control-api
