apiVersion: apps/v1
kind: Deployment
metadata:
  labels:
    app: control-api-apiserver
  name: control-api-apiserver
  namespace: appuio-control-api
spec:
  replicas: 1
  selector:
    matchLabels:
      app: control-api-apiserver
  template:
    metadata:
      labels:
        app: control-api-apiserver
    spec:
      containers:
        - args:
            - api
            - --cert-dir=/apiserver.local.config/certificates
            - --cluster-roles=control-api:organization-viewer,control-api:organization-admin,control-api:organization-test
            - --feature-gates=APIPriorityAndFairness=false
            - --invitation-storage-backing-ns=appuio-control-api-invitations
            - --secure-port=9443
            - --tls-cert-file=/apiserver.local.config/certificates/tls.crt
            - --tls-private-key-file=/apiserver.local.config/certificates/tls.key
            - --username-prefix=appuio#
          env:
            - name: ODOO_PASSWORD
              valueFrom:
                secretKeyRef:
                  key: url
                  name: odoo-credentials
          image: ghcr.io/appuio/control-api:v0.19.2
          name: apiserver
          ports:
            - containerPort: 9443
          resources:
            limits:
              cpu: 300m
              memory: 200Mi
            requests:
              cpu: 100m
              memory: 100Mi
          volumeMounts:
            - mountPath: /apiserver.local.config/certificates
              name: apiserver-certs
      serviceAccountName: control-api-apiserver
      volumes:
        - name: apiserver-certs
          secret:
            secretName: control-api-tls
