apiVersion: apiextensions.k8s.io/v1
kind: CustomResourceDefinition
metadata:
  annotations:
    controller-gen.kubebuilder.io/version: v0.11.3
  creationTimestamp: null
  name: organizationmembers.appuio.io
spec:
  group: appuio.io
  names:
    kind: OrganizationMembers
    listKind: OrganizationMembersList
    plural: organizationmembers
    singular: organizationmembers
  scope: Namespaced
  versions:
  - name: v1
    schema:
      openAPIV3Schema:
        description: OrganizationMembers is the collection of members of an organization
        properties:
          apiVersion:
            description: 'APIVersion defines the versioned schema of this representation
              of an object. Servers should convert recognized schemas to the latest
              internal value, and may reject unrecognized values. More info: https://git.k8s.io/community/contributors/devel/sig-architecture/api-conventions.md#resources'
            type: string
          kind:
            description: 'Kind is a string value representing the REST resource this
              object represents. Servers may infer this from the endpoint the client
              submits requests to. Cannot be updated. In CamelCase. More info: https://git.k8s.io/community/contributors/devel/sig-architecture/api-conventions.md#types-kinds'
            type: string
          metadata:
            type: object
          spec:
            description: OrganizationMembersSpec contains the desired members of the
              organization
            properties:
              userRefs:
                items:
                  description: UserRef points to a user
                  properties:
                    name:
                      type: string
                  type: object
                type: array
            type: object
          status:
            description: OrganizationMembersStatus contains the actual members of
              the organization
            properties:
              resolvedUserRefs:
                items:
                  description: UserRef points to a user
                  properties:
                    name:
                      type: string
                  type: object
                type: array
            type: object
        type: object
    served: true
    storage: true
    subresources:
      status: {}
---
apiVersion: apiextensions.k8s.io/v1
kind: CustomResourceDefinition
metadata:
  annotations:
    controller-gen.kubebuilder.io/version: v0.11.3
  creationTimestamp: null
  name: teams.appuio.io
spec:
  group: appuio.io
  names:
    kind: Team
    listKind: TeamList
    plural: teams
    singular: team
  scope: Namespaced
  versions:
  - name: v1
    schema:
      openAPIV3Schema:
        description: Team is the collection of members of a team.
        properties:
          apiVersion:
            description: 'APIVersion defines the versioned schema of this representation
              of an object. Servers should convert recognized schemas to the latest
              internal value, and may reject unrecognized values. More info: https://git.k8s.io/community/contributors/devel/sig-architecture/api-conventions.md#resources'
            type: string
          kind:
            description: 'Kind is a string value representing the REST resource this
              object represents. Servers may infer this from the endpoint the client
              submits requests to. Cannot be updated. In CamelCase. More info: https://git.k8s.io/community/contributors/devel/sig-architecture/api-conventions.md#types-kinds'
            type: string
          metadata:
            type: object
          spec:
            description: TeamSpec contains the desired members of a team.
            properties:
              displayName:
                type: string
              userRefs:
                items:
                  description: UserRef points to a user
                  properties:
                    name:
                      type: string
                  type: object
                type: array
            required:
            - userRefs
            type: object
          status:
            description: TeamStatus contains the actual members of a team and a reference
              to the underlying group.
            properties:
              groupRef:
                description: GroupRef references the underlying group
                properties:
                  id:
                    type: string
                type: object
              resolvedUserRefs:
                items:
                  description: UserRef points to a user
                  properties:
                    name:
                      type: string
                  type: object
                type: array
            type: object
        type: object
    served: true
    storage: true
    subresources:
      status: {}
---
apiVersion: apiextensions.k8s.io/v1
kind: CustomResourceDefinition
metadata:
  annotations:
    controller-gen.kubebuilder.io/version: v0.11.3
  creationTimestamp: null
  name: usageprofiles.appuio.io
spec:
  group: appuio.io
  names:
    kind: UsageProfile
    listKind: UsageProfileList
    plural: usageprofiles
    singular: usageprofile
  scope: Cluster
  versions:
  - name: v1
    schema:
      openAPIV3Schema:
        description: UsageProfile is a representation of an APPUiO Cloud usage profile
        properties:
          apiVersion:
            description: 'APIVersion defines the versioned schema of this representation
              of an object. Servers should convert recognized schemas to the latest
              internal value, and may reject unrecognized values. More info: https://git.k8s.io/community/contributors/devel/sig-architecture/api-conventions.md#resources'
            type: string
          kind:
            description: 'Kind is a string value representing the REST resource this
              object represents. Servers may infer this from the endpoint the client
              submits requests to. Cannot be updated. In CamelCase. More info: https://git.k8s.io/community/contributors/devel/sig-architecture/api-conventions.md#types-kinds'
            type: string
          metadata:
            type: object
          spec:
            description: UsageProfileSpec contains the desired state of the usage
              profile
            properties:
              namespaceCount:
                description: NamespaceCount is the number of namespaces an organization
                  with this usage profile can create per zone.
                type: integer
              resources:
                additionalProperties:
                  type: object
                  x-kubernetes-preserve-unknown-fields: true
                description: Resources is the set of resources which are created in
                  each namespace for which the usage profile is applied. The key is
                  used as the name of the resource and the value is the resource definition.
                type: object
            type: object
          status:
            description: UsageProfileStatus contains the actual state of the usage
              profile
            type: object
        type: object
    served: true
    storage: true
    subresources:
      status: {}
---
apiVersion: apiextensions.k8s.io/v1
kind: CustomResourceDefinition
metadata:
  annotations:
    controller-gen.kubebuilder.io/version: v0.11.3
  creationTimestamp: null
  name: users.appuio.io
spec:
  group: appuio.io
  names:
    kind: User
    listKind: UserList
    plural: users
    singular: user
  scope: Cluster
  versions:
  - name: v1
    schema:
      openAPIV3Schema:
        description: User is a representation of a APPUiO Cloud user
        properties:
          apiVersion:
            description: 'APIVersion defines the versioned schema of this representation
              of an object. Servers should convert recognized schemas to the latest
              internal value, and may reject unrecognized values. More info: https://git.k8s.io/community/contributors/devel/sig-architecture/api-conventions.md#resources'
            type: string
          kind:
            description: 'Kind is a string value representing the REST resource this
              object represents. Servers may infer this from the endpoint the client
              submits requests to. Cannot be updated. In CamelCase. More info: https://git.k8s.io/community/contributors/devel/sig-architecture/api-conventions.md#types-kinds'
            type: string
          metadata:
            type: object
          spec:
            description: UserSpec contains the desired state of the user
            properties:
              preferences:
                description: UserPreferences contains the Preferences of the user
                properties:
                  defaultOrganizationRef:
                    type: string
                type: object
            type: object
          status:
            description: UserStatus contains the acutal state of the user
            properties:
              defaultOrganization:
                type: string
              displayName:
                type: string
              email:
                type: string
              id:
                type: string
              username:
                type: string
            type: object
        type: object
    served: true
    storage: true
    subresources:
      status: {}
---
apiVersion: apiextensions.k8s.io/v1
kind: CustomResourceDefinition
metadata:
  annotations:
    controller-gen.kubebuilder.io/version: v0.11.3
  creationTimestamp: null
  name: zones.appuio.io
spec:
  group: appuio.io
  names:
    kind: Zone
    listKind: ZoneList
    plural: zones
    singular: zone
  scope: Cluster
  versions:
  - name: v1
    schema:
      openAPIV3Schema:
        description: Zone is the Schema for the Zone API
        properties:
          apiVersion:
            description: 'APIVersion defines the versioned schema of this representation
              of an object. Servers should convert recognized schemas to the latest
              internal value, and may reject unrecognized values. More info: https://git.k8s.io/community/contributors/devel/sig-architecture/api-conventions.md#resources'
            type: string
          data:
            description: Data holds the cluster specific metadata.
            properties:
              cloudProvider:
                description: CloudProvider identifies the infrastructure provider
                  which the Zone is running on.
                properties:
                  name:
                    description: Name identifies the cloud provider.
                    type: string
                  region:
                    description: Region is the geographic location of the Zone.
                    type: string
                  zones:
                    description: Zones is cloud-provider-specific zone aliases within
                      a Region. If multiple entries are present, the cluster may be
                      spanning multiple zones.
                    items:
                      type: string
                    type: array
                type: object
              cname:
                description: CNAME is the DNS record where custom application DNS
                  hostnames shall be pointing to when exposing an application.
                type: string
              defaultAppDomain:
                description: DefaultAppDomain is the base DNS record where OpenShift
                  Routes without specific hostnames are exposed.
                type: string
              displayName:
                description: DisplayName is a human-friendly name for the Zone.
                type: string
              features:
                additionalProperties:
                  type: string
                description: Features holds a key-value dict with keys being a feature
                  name and values being a property of that feature. Some features
                  may hold a version string as property.
                type: object
              gatewayIPs:
                description: GatewayIPs holds the outgoing IP addresses of the cluster.
                items:
                  type: string
                type: array
              urls:
                additionalProperties:
                  type: string
                description: URLs holds a key-value dict with keys being a name of
                  the URL and the values publicly accessible links.
                type: object
            type: object
          kind:
            description: 'Kind is a string value representing the REST resource this
              object represents. Servers may infer this from the endpoint the client
              submits requests to. Cannot be updated. In CamelCase. More info: https://git.k8s.io/community/contributors/devel/sig-architecture/api-conventions.md#types-kinds'
            type: string
          metadata:
            type: object
        type: object
    served: true
    storage: true
