apiVersion: rbac.authorization.k8s.io/v1
kind: ClusterRole
metadata:
  labels:
    app.kubernetes.io/component: control-api
    app.kubernetes.io/managed-by: commodore
    app.kubernetes.io/name: control-api
  name: control-api:basic-user
rules:
  - apiGroups:
      - organization.appuio.io
    resources:
      - organizations
    verbs:
      - get
      - watch
      - list
      - patch
      - update
      - create
  - apiGroups:
      - rbac.appuio.io
    resources:
      - organizations
    verbs:
      - watch
      - list
      - create
  - apiGroups:
      - appuio.io
    resources:
      - zones
    verbs:
      - get
      - watch
      - list
  - apiGroups:
      - rbac.appuio.io
    resources:
      - billingentities
    verbs:
      - watch
      - list
  - apiGroups:
      - billing.appuio.io
    resources:
      - billingentities
    verbs:
      - get
      - watch
      - list
  - apiGroups:
      - rbac.appuio.io
    resources:
      - invitations
    verbs:
      - watch
      - list
      - redeem
  - apiGroups:
      - user.appuio.io
    resources:
      - invitations
    verbs:
      - get
      - watch
      - list
      - redeem
      - ''
---
apiVersion: rbac.authorization.k8s.io/v1
kind: ClusterRoleBinding
metadata:
  labels:
    app.kubernetes.io/component: control-api
    app.kubernetes.io/managed-by: commodore
    app.kubernetes.io/name: control-api
  name: control-api:basic-user
roleRef:
  apiGroup: rbac.authorization.k8s.io
  kind: ClusterRole
  name: control-api:basic-user
subjects:
  - apiGroup: rbac.authorization.k8s.io
    kind: Group
    name: system:authenticated
