apiVersion: v1
kind: ServiceAccount
metadata:
  annotations: {}
  labels:
    name: metrics
  name: metrics
  namespace: appuio-control-api
---
apiVersion: v1
kind: Secret
metadata:
  annotations:
    kubernetes.io/service-account.name: metrics
    vcluster.loft.sh/force-sync: 'true'
  labels:
    name: metrics
  name: metrics
  namespace: appuio-control-api
type: kubernetes.io/service-account-token
---
apiVersion: rbac.authorization.k8s.io/v1
kind: ClusterRoleBinding
metadata:
  annotations: {}
  labels:
    name: metrics
  name: metrics
roleRef:
  apiGroup: rbac.authorization.k8s.io
  kind: ClusterRole
  name: system:monitoring
subjects:
  - kind: ServiceAccount
    name: metrics
    namespace: appuio-control-api
