apiVersion: appuio.io/v1
kind: UsageProfile
metadata:
  annotations: {}
  labels:
    name: example
  name: example
spec:
  namespaceCount: 25
  resources:
    deny-egress-tcp-25:
      apiVersion: networking.k8s.io/v1
      kind: NetworkPolicy
      metadata:
        annotations:
          description: Deny egress traffic to all hosts on ports 25
      spec:
        egress:
          - podSelector: {}
            policyTypes:
              - Egress
            ports:
              - port: 25
                protocol: TCP
            to:
              - ipBlock:
                  cidr: 0.0.0.0/0
    organization-compute:
      apiVersion: v1
      kind: ResourceQuota
      spec:
        hard:
          limits.cpu: '8'
          limits.memory: 20Gi
          pods: '45'
          requests.cpu: '4'
          requests.memory: 4Gi
        scopes:
          - NotTerminating
    organization-compute-terminating:
      apiVersion: v1
      kind: ResourceQuota
      metadata:
        labels:
          foo: bar
      spec:
        hard:
          limits.cpu: '4'
          limits.memory: 4Gi
          pods: '5'
          requests.cpu: 500m
          requests.memory: 2Gi
        scopes:
          - Terminating
