apiVersion: apiregistration.k8s.io/v1
kind: APIService
metadata:
  labels:
    app.kubernetes.io/managed-by: commodore
  name: v1.billing.appuio.io
spec:
  caBundle: LS0tLS1CRUdJTiBDRVJUSUZJQ0FURS0tLS0tCk1JSUZUekNDQXplZ0F3SUJBZ0lVZC9BTlZkbWVodHBORU5lSEYxZm91dU15TW5zd0RRWUpLb1pJaHZjTkFRRUwKQlFBd0pERWlNQ0FHQTFVRUF3d1pZWEJwYzJWeWRtVnlMbU52Ym5SeWIyd3RZWEJwTG5OMll6QWVGdzB5TWpBeApNVEF4TXpJd05URmFGdzB6TWpBeE1EZ3hNekl3TlRGYU1DUXhJakFnQmdOVkJBTU1HV0Z3YVhObGNuWmxjaTVqCmIyNTBjbTlzTFdGd2FTNXpkbU13Z2dJaU1BMEdDU3FHU0liM0RRRUJBUVVBQTRJQ0R3QXdnZ0lLQW9JQ0FRREYKaGxrVU9pd3FMK1FSQ2N4YjR0UlpDaDJhYVZRMXdqa2wyQ0gzTm1DQmt6N3A2UUhPaHFxa1huc2lERmJtM1F4cgp1b3N0bkcyRzhISnR2b0IyVndRNW9FVGg3Z0NDZy93UmlJVXNhUWdBZVBtb1N0ZmhNVVArSWE1cnF2eXI3dEtMCnNZWHZrVllpRXVJWWFZeGIwdnQ3RVpOa29ad1lZanVaaHYrejdPSTc2STR1QkgzTjNPK3d6VWl3MTZVeDZjSXYKcitBT0tGaVlrOEhRekxCOCtLMEswSndTTVQzL2lCOVpsQ3ZrK28rRHYreG9VWGNueVcvT05zOVM2NGdzcTdSawpEY3hNQWFCZWplNG55dklzY0RjQjdHdDY1d2MzTE16bW9hT000ZGdkVnIzSGVFbWQwMWMzK3BvUFRUVDZySkZnCk8ySGhKbjlieFVpV3dtcnNHa2Z5Z2hmb3dhM1NDNkNpMTN4RWh0QVF3UjE1RzVrK3htclBHZGd0R294aXM4R0MKTzE4NGpoVnBLM2xEN0I2TDlTbnlueTh4ano5b2Z2NVBaM2p6MTJvOE5BaVNmWHNmRCtSZzUvZW1ONS95K0JnQQp1UTZWUStlSzJmSEttTFpOeXJTUTByOGVGbXlCMVhMRzdyQ2FVVG9ISnpPaG9kVEI3ZStQNEh3OWszVjVsR01QClBUeXpGRlhUTjRSRVM2eHpabXR6QVJ6cm4yZ1EzS3JoSDlMRkh0elBsK25YejVjUGdhSXd0SDJhN21XTUhIbGwKdXpaTDBuTU5DQndDc0svM3h6OG9DSUp3dCtITU1KcmxUMHlKRXVla2VIVDRTWTR0YVpkcTlkc0k3eHZoWml0YQowUDBVZ1p6cUFjR3E3eDc3TDV4elpMaTNEUnFQZXZ6U1RHTkV4QTY5eVFJREFRQUJvM2t3ZHpBZEJnTlZIUTRFCkZnUVVwVEE5Mi95M21xcS9lT3ZPaTlqUUF0RGJncW93SHdZRFZSMGpCQmd3Rm9BVXBUQTkyL3kzbXFxL2VPdk8KaTlqUUF0RGJncW93RHdZRFZSMFRBUUgvQkFVd0F3RUIvekFrQmdOVkhSRUVIVEFiZ2hsaGNHbHpaWEoyWlhJdQpZMjl1ZEhKdmJDMWhjR2t1YzNaak1BMEdDU3FHU0liM0RRRUJDd1VBQTRJQ0FRQmpMSGJRVEp0eEE0K3FIc040Cm1hMjNxL2dTTlZXbW5DYlJYUk54aER3SkxXME1XR2RsamhuUVVZUGNWK0RuSzNUQjNIckxHb2QzTG9ETThZYXUKaW14ZXppd21EVjVLMmlIRWVnczNOUitiV2d4aE13L0xDU0hMWk10clFsNUJXY084aFh3bHBZa2h6UEdrUnBzYQpMWFllS3I5cDVTY0MvaEpYRDMxbXd0MEQwU0FTWkczaGdZbG55RS8rNWxDZERYWkZyOE1Ma2dUODBoRGhkRDVoCnJ2aG5lTCtzT2lTVUJIZ1FhTm9ISWlVakllcTNRb1drdFAwd2pneG8vZTIxYmpPcVR2RXNrSVNzbFdvYmh3RnMKMkY2ZmprQTFRa2Faam4vRENJL3preXRHaEo5ZFpkc25iTjlpSmtMcjdxdGZYeFgrWUJ6TnY3Zk5GOG9RYTdRLwozSm5hZDNiVjRLK0Foek9XT3R0bTkydEcvczRwWUZqT05zY0tNeWhCRWdTczNLZnJZOEQxRWd5SHFVNnY4LzYwCnkwYkVPSE5OWWxwbGZBbURncVRXTkVsTDlhclBDVnJkdnlkcFJJdHRVQi90NFpRSkJiR2tRR0pub3I1WC9vMVMKRUNVaVFObzBhZ1hicGU0ekZQVnRFcHVrdmNIaVdRWVlPQmUrUzZzNCtuOFVZaFhsSml1N09KR3c3bWlDcXF4bgpjZXVhcGhxdVB4bzhoWTFnYkZrMHNlYlh4aVQxWHl0YSt4dkg5UDRVWmlqL1hWVjlMREhCSHNQL3c1czJFOGk0Cit5L0c3dnZxRTBBMWdxNDhCVGxybDh5MDlQMnRydmdpaExWcnhYamxlbjIrS1RBeXh2bDFLb3JaSnMrVWZNWXgKNlB0N1ZDNE0vOWt2LzJHdmR0S1Z6YmlSanc9PQotLS0tLUVORCBDRVJUSUZJQ0FURS0tLS0t
  group: billing.appuio.io
  groupPriorityMinimum: 1000
  insecureSkipTLSVerify: false
  service:
    name: control-api-apiserver
    namespace: appuio-control-api
  version: v1
  versionPriority: 15
