apiVersion: rbac.authorization.k8s.io/v1
kind: ClusterRoleBinding
metadata:
  labels:
    app.kubernetes.io/managed-by: commodore
    name: control-api-controller
  name: control-api-controller
roleRef:
  apiGroup: rbac.authorization.k8s.io
  kind: ClusterRole
  name: control-api-controller
subjects:
- kind: ServiceAccount
  name: control-api-controller
  namespace: appuio-control-api
