apiVersion: v1
kind: ServiceAccount
metadata:
  name: example-zone-1-cloud-agent
  namespace: default
